(agda2-status-action "")
(agda2-info-action "*Type-checking*" "" nil)
(agda2-highlight-clear)
(agda2-info-action "*Error*" "The module A.Issue6146 should be in the directory A/Issue6146, but Agda was given the path Issue6146/A/B/../Issue6146.agda." nil)
(agda2-highlight-load-and-delete-action)
(agda2-status-action "")
(agda2-status-action "")
(agda2-info-action "*Type-checking*" "" nil)
(agda2-highlight-clear)
(agda2-info-action "*Type-checking*" "Checking D.Issue6146 (Issue6146/D/Issue6146.agda). " t)
(agda2-status-action "Checked")
(agda2-info-action "*All Done*" "" nil)
((last . 1) . (agda2-goals-action '()))
