(agda2-status-action "")
(agda2-info-action "*Type-checking*" "" nil)
(agda2-highlight-clear)
(agda2-verbose "Found interaction point ConcreteDef ?0 : (Pow I) ")
(agda2-status-action "ShowImplicit")
(agda2-info-action "*All Goals, Errors*" "?0 : Pow I _X_239 : I → Set [ at Issue1353.agda:89,60-65 ] ———— Errors ———————————————————————————————————————————————— Failed to solve the following constraints: _X_239 (input Ψ {i} p₁ a) =< X (input Ψ {i} p₁ a) (blocked on _X_239) X (input Ω {i} p a) =< _X_239 (input Ω {i} p a) (blocked on _X_239) " nil)
((last . 1) . (agda2-goals-action '(0)))
(agda2-give-action 0 "X")
(agda2-status-action "ShowImplicit")
(agda2-info-action "*All Done*" "" nil)
((last . 1) . (agda2-goals-action '()))
