(agda2-status-action "")
(agda2-info-action "*Agda Version*" "Agda version 2.6.2.0.20211129" nil)
