Checking LibA (LibA.agda).
Checking LibB (b/LibB.agda).
Checking LibC (c/LibC.agda).
Checking LibA (LibA.agda).
Checking LibB (b/LibB.agda).
Checking LibC (c/LibC.agda).
