(agda2-status-action "")
(agda2-info-action "*Type-checking*" "" nil)
(agda2-highlight-clear)
(agda2-info-action "*Error*" "Issue3073.agda:13,42-43 Cannot instantiate the metavariable _14 to solution (Set i) since it contains the variable i which is not in scope of the metavariable when checking that the expression Q has type (a₁ : A) → _P_14 a₁" nil)
((last . 3) . (agda2-maybe-goto '("Issue3073.agda" . 218)))
(agda2-highlight-load-and-delete-action)
(agda2-status-action "")
(agda2-info-action "*Error*" "Error: First load the file." nil)
(agda2-highlight-load-and-delete-action)
(agda2-status-action "")
