COMPILE_FAILED

ret > ExitFailure 42
out > test/Compiler/simple/Issue2909-6.agda:10,1-34
out > "COMPILE GHC" pragmas are not allowed for the FLAT builtin.
out >
